<?xml version="1.0" encoding="utf-8"?><testsuites><testsuite name="pytest" errors="0" failures="0" skipped="0" tests="7" time="4.467" timestamp="2025-03-21T21:13:54.850236+01:00" hostname="MacBook-Pro-6.local"><testcase classname="tests.test_corehub_integration" name="test_corehub_client_initialization" time="0.003" /><testcase classname="tests.test_corehub_integration" name="test_play_entity_command" time="0.002" /><testcase classname="tests.test_corehub_integration" name="test_pause_entity_command" time="0.001" /><testcase classname="tests.test_corehub_integration" name="test_resync_entity_command" time="0.001" /><testcase classname="tests.test_corehub_integration" name="test_pipeline_manager_play_action" time="2.009" /><testcase classname="tests.test_corehub_integration" name="test_pipeline_manager_pause_action" time="2.014" /><testcase classname="tests.test_corehub_integration" name="test_pipeline_manager_resync_action" time="0.007" /></testsuite></testsuites>